------------------------------------------------------------
TimeQuest Timing Analyzer Summary
------------------------------------------------------------

Type  : Slow 1200mV 85C Model Setup 'CKCN'
Slack : -3.406
TNS   : -32.743

Type  : Slow 1200mV 85C Model Setup 'divisor_clock:inst3|74160:inst8|9'
Slack : -0.564
TNS   : -3.167

Type  : Slow 1200mV 85C Model Hold 'CKCN'
Slack : 0.347
TNS   : 0.000

Type  : Slow 1200mV 85C Model Hold 'divisor_clock:inst3|74160:inst8|9'
Slack : 0.348
TNS   : 0.000

Type  : Slow 1200mV 85C Model Minimum Pulse Width 'CKCN'
Slack : -3.000
TNS   : -42.284

Type  : Slow 1200mV 85C Model Minimum Pulse Width 'divisor_clock:inst3|74160:inst8|9'
Slack : -1.403
TNS   : -14.030

Type  : Slow 1200mV 0C Model Setup 'CKCN'
Slack : -3.028
TNS   : -27.147

Type  : Slow 1200mV 0C Model Setup 'divisor_clock:inst3|74160:inst8|9'
Slack : -0.423
TNS   : -2.256

Type  : Slow 1200mV 0C Model Hold 'CKCN'
Slack : 0.311
TNS   : 0.000

Type  : Slow 1200mV 0C Model Hold 'divisor_clock:inst3|74160:inst8|9'
Slack : 0.311
TNS   : 0.000

Type  : Slow 1200mV 0C Model Minimum Pulse Width 'CKCN'
Slack : -3.000
TNS   : -42.284

Type  : Slow 1200mV 0C Model Minimum Pulse Width 'divisor_clock:inst3|74160:inst8|9'
Slack : -1.403
TNS   : -14.030

Type  : Fast 1200mV 0C Model Setup 'CKCN'
Slack : -1.100
TNS   : -2.689

Type  : Fast 1200mV 0C Model Setup 'divisor_clock:inst3|74160:inst8|9'
Slack : 0.338
TNS   : 0.000

Type  : Fast 1200mV 0C Model Hold 'divisor_clock:inst3|74160:inst8|9'
Slack : 0.151
TNS   : 0.000

Type  : Fast 1200mV 0C Model Hold 'CKCN'
Slack : 0.152
TNS   : 0.000

Type  : Fast 1200mV 0C Model Minimum Pulse Width 'CKCN'
Slack : -3.000
TNS   : -31.888

Type  : Fast 1200mV 0C Model Minimum Pulse Width 'divisor_clock:inst3|74160:inst8|9'
Slack : -1.000
TNS   : -10.000

------------------------------------------------------------
