------------------------------------------------------------
TimeQuest Timing Analyzer Summary
------------------------------------------------------------

Type  : Slow 1200mV 85C Model Setup 'CK_N5'
Slack : -3.599
TNS   : -39.609

Type  : Slow 1200mV 85C Model Setup '74160:inst9|9'
Slack : -0.386
TNS   : -0.386

Type  : Slow 1200mV 85C Model Setup '74113o:inst|8'
Slack : 0.298
TNS   : 0.000

Type  : Slow 1200mV 85C Model Hold 'CK_N5'
Slack : 0.340
TNS   : 0.000

Type  : Slow 1200mV 85C Model Hold '74113o:inst|8'
Slack : 0.393
TNS   : 0.000

Type  : Slow 1200mV 85C Model Hold '74160:inst9|9'
Slack : 0.454
TNS   : 0.000

Type  : Slow 1200mV 85C Model Minimum Pulse Width 'CK_N5'
Slack : -3.000
TNS   : -42.284

Type  : Slow 1200mV 85C Model Minimum Pulse Width '74113o:inst|8'
Slack : -1.403
TNS   : -1.403

Type  : Slow 1200mV 85C Model Minimum Pulse Width '74160:inst9|9'
Slack : -1.403
TNS   : -1.403

Type  : Slow 1200mV 0C Model Setup 'CK_N5'
Slack : -3.241
TNS   : -33.649

Type  : Slow 1200mV 0C Model Setup '74160:inst9|9'
Slack : -0.334
TNS   : -0.334

Type  : Slow 1200mV 0C Model Setup '74113o:inst|8'
Slack : 0.361
TNS   : 0.000

Type  : Slow 1200mV 0C Model Hold 'CK_N5'
Slack : 0.304
TNS   : 0.000

Type  : Slow 1200mV 0C Model Hold '74113o:inst|8'
Slack : 0.354
TNS   : 0.000

Type  : Slow 1200mV 0C Model Hold '74160:inst9|9'
Slack : 0.439
TNS   : 0.000

Type  : Slow 1200mV 0C Model Minimum Pulse Width 'CK_N5'
Slack : -3.000
TNS   : -42.284

Type  : Slow 1200mV 0C Model Minimum Pulse Width '74113o:inst|8'
Slack : -1.403
TNS   : -1.403

Type  : Slow 1200mV 0C Model Minimum Pulse Width '74160:inst9|9'
Slack : -1.403
TNS   : -1.403

Type  : Fast 1200mV 0C Model Setup 'CK_N5'
Slack : -1.010
TNS   : -3.425

Type  : Fast 1200mV 0C Model Setup '74160:inst9|9'
Slack : 0.189
TNS   : 0.000

Type  : Fast 1200mV 0C Model Setup '74113o:inst|8'
Slack : 0.693
TNS   : 0.000

Type  : Fast 1200mV 0C Model Hold '74160:inst9|9'
Slack : 0.125
TNS   : 0.000

Type  : Fast 1200mV 0C Model Hold 'CK_N5'
Slack : 0.147
TNS   : 0.000

Type  : Fast 1200mV 0C Model Hold '74113o:inst|8'
Slack : 0.169
TNS   : 0.000

Type  : Fast 1200mV 0C Model Minimum Pulse Width 'CK_N5'
Slack : -3.000
TNS   : -31.896

Type  : Fast 1200mV 0C Model Minimum Pulse Width '74113o:inst|8'
Slack : -1.000
TNS   : -1.000

Type  : Fast 1200mV 0C Model Minimum Pulse Width '74160:inst9|9'
Slack : -1.000
TNS   : -1.000

------------------------------------------------------------
