------------------------------------------------------------
TimeQuest Timing Analyzer Summary
------------------------------------------------------------

Type  : Slow 1200mV 85C Model Setup 'CK'
Slack : -1.904
TNS   : -32.953

Type  : Slow 1200mV 85C Model Setup 'B1'
Slack : -1.026
TNS   : -10.629

Type  : Slow 1200mV 85C Model Hold 'CK'
Slack : 0.340
TNS   : 0.000

Type  : Slow 1200mV 85C Model Hold 'B1'
Slack : 0.348
TNS   : 0.000

Type  : Slow 1200mV 85C Model Recovery 'B1'
Slack : -0.919
TNS   : -7.096

Type  : Slow 1200mV 85C Model Removal 'B1'
Slack : 1.249
TNS   : 0.000

Type  : Slow 1200mV 85C Model Minimum Pulse Width 'CK'
Slack : -3.000
TNS   : -42.284

Type  : Slow 1200mV 85C Model Minimum Pulse Width 'B1'
Slack : -3.000
TNS   : -25.448

Type  : Slow 1200mV 0C Model Setup 'CK'
Slack : -1.635
TNS   : -26.890

Type  : Slow 1200mV 0C Model Setup 'B1'
Slack : -0.838
TNS   : -8.276

Type  : Slow 1200mV 0C Model Hold 'CK'
Slack : 0.305
TNS   : 0.000

Type  : Slow 1200mV 0C Model Hold 'B1'
Slack : 0.311
TNS   : 0.000

Type  : Slow 1200mV 0C Model Recovery 'B1'
Slack : -0.750
TNS   : -5.772

Type  : Slow 1200mV 0C Model Removal 'B1'
Slack : 1.142
TNS   : 0.000

Type  : Slow 1200mV 0C Model Minimum Pulse Width 'CK'
Slack : -3.000
TNS   : -42.284

Type  : Slow 1200mV 0C Model Minimum Pulse Width 'B1'
Slack : -3.000
TNS   : -25.448

Type  : Fast 1200mV 0C Model Setup 'CK'
Slack : -0.527
TNS   : -3.021

Type  : Fast 1200mV 0C Model Setup 'B1'
Slack : 0.150
TNS   : 0.000

Type  : Fast 1200mV 0C Model Hold 'CK'
Slack : 0.147
TNS   : 0.000

Type  : Fast 1200mV 0C Model Hold 'B1'
Slack : 0.152
TNS   : 0.000

Type  : Fast 1200mV 0C Model Recovery 'B1'
Slack : 0.162
TNS   : 0.000

Type  : Fast 1200mV 0C Model Removal 'B1'
Slack : 0.538
TNS   : 0.000

Type  : Fast 1200mV 0C Model Minimum Pulse Width 'CK'
Slack : -3.000
TNS   : -32.331

Type  : Fast 1200mV 0C Model Minimum Pulse Width 'B1'
Slack : -3.000
TNS   : -26.975

------------------------------------------------------------
