------------------------------------------------------------
TimeQuest Timing Analyzer Summary
------------------------------------------------------------

Type  : Slow 1200mV 85C Model Setup 'CK'
Slack : -1.710
TNS   : -33.685

Type  : Slow 1200mV 85C Model Setup 'B1'
Slack : -0.761
TNS   : -7.845

Type  : Slow 1200mV 85C Model Hold 'CK'
Slack : 0.330
TNS   : 0.000

Type  : Slow 1200mV 85C Model Hold 'B1'
Slack : 0.348
TNS   : 0.000

Type  : Slow 1200mV 85C Model Recovery 'B1'
Slack : -0.938
TNS   : -3.752

Type  : Slow 1200mV 85C Model Removal 'B1'
Slack : 1.299
TNS   : 0.000

Type  : Slow 1200mV 85C Model Minimum Pulse Width 'CK'
Slack : -3.000
TNS   : -42.284

Type  : Slow 1200mV 85C Model Minimum Pulse Width 'B1'
Slack : -3.000
TNS   : -25.448

Type  : Slow 1200mV 0C Model Setup 'CK'
Slack : -1.453
TNS   : -28.126

Type  : Slow 1200mV 0C Model Setup 'B1'
Slack : -0.610
TNS   : -5.903

Type  : Slow 1200mV 0C Model Hold 'CK'
Slack : 0.294
TNS   : 0.000

Type  : Slow 1200mV 0C Model Hold 'B1'
Slack : 0.312
TNS   : 0.000

Type  : Slow 1200mV 0C Model Recovery 'B1'
Slack : -0.767
TNS   : -3.068

Type  : Slow 1200mV 0C Model Removal 'B1'
Slack : 1.192
TNS   : 0.000

Type  : Slow 1200mV 0C Model Minimum Pulse Width 'CK'
Slack : -3.000
TNS   : -42.284

Type  : Slow 1200mV 0C Model Minimum Pulse Width 'B1'
Slack : -3.000
TNS   : -25.448

Type  : Fast 1200mV 0C Model Setup 'CK'
Slack : -0.162
TNS   : -1.549

Type  : Fast 1200mV 0C Model Setup 'B1'
Slack : 0.255
TNS   : 0.000

Type  : Fast 1200mV 0C Model Hold 'CK'
Slack : 0.144
TNS   : 0.000

Type  : Fast 1200mV 0C Model Hold 'B1'
Slack : 0.152
TNS   : 0.000

Type  : Fast 1200mV 0C Model Recovery 'B1'
Slack : 0.151
TNS   : 0.000

Type  : Fast 1200mV 0C Model Removal 'B1'
Slack : 0.557
TNS   : 0.000

Type  : Fast 1200mV 0C Model Minimum Pulse Width 'CK'
Slack : -3.000
TNS   : -31.777

Type  : Fast 1200mV 0C Model Minimum Pulse Width 'B1'
Slack : -3.000
TNS   : -24.218

------------------------------------------------------------
