------------------------------------------------------------
TimeQuest Timing Analyzer Summary
------------------------------------------------------------

Type  : Slow 1200mV 85C Model Setup 'CK'
Slack : -1.762
TNS   : -32.171

Type  : Slow 1200mV 85C Model Setup 'B1'
Slack : -1.604
TNS   : -24.740

Type  : Slow 1200mV 85C Model Hold 'CK'
Slack : 0.340
TNS   : 0.000

Type  : Slow 1200mV 85C Model Hold 'B1'
Slack : 0.348
TNS   : 0.000

Type  : Slow 1200mV 85C Model Recovery 'B1'
Slack : -0.917
TNS   : -14.252

Type  : Slow 1200mV 85C Model Removal 'B1'
Slack : 1.231
TNS   : 0.000

Type  : Slow 1200mV 85C Model Minimum Pulse Width 'CK'
Slack : -3.000
TNS   : -42.284

Type  : Slow 1200mV 85C Model Minimum Pulse Width 'B1'
Slack : -3.000
TNS   : -36.672

Type  : Slow 1200mV 0C Model Setup 'CK'
Slack : -1.407
TNS   : -26.324

Type  : Slow 1200mV 0C Model Setup 'B1'
Slack : -1.361
TNS   : -20.256

Type  : Slow 1200mV 0C Model Hold 'CK'
Slack : 0.304
TNS   : 0.000

Type  : Slow 1200mV 0C Model Hold 'B1'
Slack : 0.311
TNS   : 0.000

Type  : Slow 1200mV 0C Model Recovery 'B1'
Slack : -0.746
TNS   : -11.608

Type  : Slow 1200mV 0C Model Removal 'B1'
Slack : 1.127
TNS   : 0.000

Type  : Slow 1200mV 0C Model Minimum Pulse Width 'CK'
Slack : -3.000
TNS   : -42.284

Type  : Slow 1200mV 0C Model Minimum Pulse Width 'B1'
Slack : -3.000
TNS   : -36.672

Type  : Fast 1200mV 0C Model Setup 'CK'
Slack : -0.465
TNS   : -2.244

Type  : Fast 1200mV 0C Model Setup 'B1'
Slack : -0.143
TNS   : -0.709

Type  : Fast 1200mV 0C Model Hold 'CK'
Slack : 0.077
TNS   : 0.000

Type  : Fast 1200mV 0C Model Hold 'B1'
Slack : 0.152
TNS   : 0.000

Type  : Fast 1200mV 0C Model Recovery 'B1'
Slack : 0.164
TNS   : 0.000

Type  : Fast 1200mV 0C Model Removal 'B1'
Slack : 0.525
TNS   : 0.000

Type  : Fast 1200mV 0C Model Minimum Pulse Width 'B1'
Slack : -3.000
TNS   : -34.890

Type  : Fast 1200mV 0C Model Minimum Pulse Width 'CK'
Slack : -3.000
TNS   : -32.253

------------------------------------------------------------
