MPLINK 4.20, Linker
Linker Map File - Created Mon Mar 22 23:53:51 2010

                                 Section Info
                  Section       Type    Address   Location Size(Bytes)
                ---------  ---------  ---------  ---------  ---------
               _entry_scn       code   0x000000    program   0x000006
                   .cinit    romdata   0x000006    program   0x000002
                isr_baixa       code   0x000008    program   0x00000a
     .code_exemplo_13_5.o       code   0x000012    program   0x000598
             .stringtable    romdata   0x0005aa    program   0x0000c3
  .idata_exemplo_13_5.o_i    romdata   0x00066d    program   0x000000
  .romdata_exemplo_13_5.o    romdata   0x00066d    program   0x000000
         .romdata_c018i.o    romdata   0x00066d    program   0x000000
        .idata___init.o_i    romdata   0x00066d    program   0x000000
        .romdata___init.o    romdata   0x00066d    program   0x000000
         .idata_c018i.o_i    romdata   0x00066d    program   0x000000
               _cinit_scn       code   0x00066e    program   0x00009e
            .code_c018i.o       code   0x00066e    program   0x000000
             _startup_scn       code   0x00070c    program   0x00001c
                    .code       code   0x000728    program   0x00000e
           .code___init.o       code   0x000736    program   0x000002
.config_300001_exemplo_13_5.o    romdata   0x300001    program   0x000001
.config_300002_exemplo_13_5.o    romdata   0x300002    program   0x000001
.config_300003_exemplo_13_5.o    romdata   0x300003    program   0x000001
.config_300005_exemplo_13_5.o    romdata   0x300005    program   0x000001
.config_300006_exemplo_13_5.o    romdata   0x300006    program   0x000001
                MATH_DATA      udata   0x000000       data   0x000002
                 .tmpdata      udata   0x000002       data   0x000000
    .udata_exemplo_13_5.o      udata   0x000080       data   0x00004d
           .udata_c018i.o      udata   0x0000cd       data   0x00000a
           .idata_c018i.o      idata   0x0000d7       data   0x000000
    .idata_exemplo_13_5.o      idata   0x0000d7       data   0x000000
          .udata___init.o      udata   0x0000d7       data   0x000000
          .idata___init.o      idata   0x0000d7       data   0x000000
                   .stack      udata   0x000400       data   0x000100
            SFR_UNBANKED0      udata   0x000f80       data   0x000080



                              Program Memory Usage 
                               Start         End      
                           ---------   ---------      
                            0x000000    0x00066c      
                            0x00066e    0x000737      
                            0x300001    0x300003      
                            0x300005    0x300006      
            1852 out of 33048 program addresses used, program memory utilization is 5%



                              Symbols - Sorted by Name
                     Name    Address   Location    Storage File                     
                ---------  ---------  ---------  --------- ---------                
EUSART_escreve_char_buffer   0x00032c    program     extern C:\PIC18_Detalhado\Cap13\Exemplo13.5\Firmware\exemplo_13_5.c
EUSART_escreve_string_buffer   0x00036a    program     extern C:\PIC18_Detalhado\Cap13\Exemplo13.5\Firmware\exemplo_13_5.c
EUSART_escreve_string_buffer_rom   0x0003a6    program     extern C:\PIC18_Detalhado\Cap13\Exemplo13.5\Firmware\exemplo_13_5.c
EUSART_le_caractere_buffer   0x0003e6    program     extern C:\PIC18_Detalhado\Cap13\Exemplo13.5\Firmware\exemplo_13_5.c
     ISR_baixa_prioridade   0x000008    program     extern C:\PIC18_Detalhado\Cap13\Exemplo13.5\Firmware\exemplo_13_5.c
     LCD_cursor_blink_off   0x00026e    program     extern C:\PIC18_Detalhado\Cap13\Exemplo13.5\Firmware\meu_lcd16x2.c
      LCD_cursor_blink_on   0x00025c    program     extern C:\PIC18_Detalhado\Cap13\Exemplo13.5\Firmware\meu_lcd16x2.c
           LCD_cursor_off   0x00024a    program     extern C:\PIC18_Detalhado\Cap13\Exemplo13.5\Firmware\meu_lcd16x2.c
            LCD_cursor_on   0x000238    program     extern C:\PIC18_Detalhado\Cap13\Exemplo13.5\Firmware\meu_lcd16x2.c
             LCD_delay_ms   0x000012    program     extern C:\PIC18_Detalhado\Cap13\Exemplo13.5\Firmware\meu_lcd16x2.c
          LCD_display_off   0x000226    program     extern C:\PIC18_Detalhado\Cap13\Exemplo13.5\Firmware\meu_lcd16x2.c
           LCD_display_on   0x000214    program     extern C:\PIC18_Detalhado\Cap13\Exemplo13.5\Firmware\meu_lcd16x2.c
                 LCD_init   0x000080    program     extern C:\PIC18_Detalhado\Cap13\Exemplo13.5\Firmware\meu_lcd16x2.c
               LCD_pos_xy   0x000116    program     extern C:\PIC18_Detalhado\Cap13\Exemplo13.5\Firmware\meu_lcd16x2.c
            LCD_send_byte   0x00003e    program     extern C:\PIC18_Detalhado\Cap13\Exemplo13.5\Firmware\meu_lcd16x2.c
           LCD_write_char   0x00014c    program     extern C:\PIC18_Detalhado\Cap13\Exemplo13.5\Firmware\meu_lcd16x2.c
         LCD_write_string   0x0001d8    program     extern C:\PIC18_Detalhado\Cap13\Exemplo13.5\Firmware\meu_lcd16x2.c
     LCD_write_string_rom   0x000198    program     extern C:\PIC18_Detalhado\Cap13\Exemplo13.5\Firmware\meu_lcd16x2.c
                 MCU_init   0x000424    program     extern C:\PIC18_Detalhado\Cap13\Exemplo13.5\Firmware\exemplo_13_5.c
                   RX_ISR   0x000280    program     extern C:\PIC18_Detalhado\Cap13\Exemplo13.5\Firmware\exemplo_13_5.c
                   TX_ISR   0x0002e2    program     extern C:\PIC18_Detalhado\Cap13\Exemplo13.5\Firmware\exemplo_13_5.c
           ___if_lbl00048   0x00000c    program     static                          
           ___if_lbl00049   0x000010    program     static                          
       ___return_lbl00000   0x000004    program     static                          
       ___return_lbl00001   0x000726    program     static                          
       ___return_lbl00002   0x00070a    program     static                          
       ___return_lbl00047   0x000010    program     static                          
               __config_0   0x300001    program     static C:\PIC18_Detalhado\Cap13\Exemplo13.5\Firmware\exemplo_13_5.c
               __config_1   0x300002    program     static C:\PIC18_Detalhado\Cap13\Exemplo13.5\Firmware\exemplo_13_5.c
               __config_2   0x300003    program     static C:\PIC18_Detalhado\Cap13\Exemplo13.5\Firmware\exemplo_13_5.c
               __config_3   0x300005    program     static C:\PIC18_Detalhado\Cap13\Exemplo13.5\Firmware\exemplo_13_5.c
               __config_4   0x300006    program     static C:\PIC18_Detalhado\Cap13\Exemplo13.5\Firmware\exemplo_13_5.c
                   __init   0x000736    program     extern C:\MCC18\src\traditional\stdclib\__init.c
               __string_0   0x00065b    program     static C:\PIC18_Detalhado\Cap13\Exemplo13.5\Firmware\exemplo_13_5.c
               __string_1   0x00063e    program     static C:\PIC18_Detalhado\Cap13\Exemplo13.5\Firmware\exemplo_13_5.c
              __string_10   0x0005aa    program     static C:\PIC18_Detalhado\Cap13\Exemplo13.5\Firmware\exemplo_13_5.c
               __string_2   0x000631    program     static C:\PIC18_Detalhado\Cap13\Exemplo13.5\Firmware\exemplo_13_5.c
               __string_3   0x00061f    program     static C:\PIC18_Detalhado\Cap13\Exemplo13.5\Firmware\exemplo_13_5.c
               __string_4   0x00060a    program     static C:\PIC18_Detalhado\Cap13\Exemplo13.5\Firmware\exemplo_13_5.c
               __string_5   0x0005f8    program     static C:\PIC18_Detalhado\Cap13\Exemplo13.5\Firmware\exemplo_13_5.c
               __string_6   0x0005e3    program     static C:\PIC18_Detalhado\Cap13\Exemplo13.5\Firmware\exemplo_13_5.c
               __string_7   0x0005d3    program     static C:\PIC18_Detalhado\Cap13\Exemplo13.5\Firmware\exemplo_13_5.c
               __string_8   0x0005c0    program     static C:\PIC18_Detalhado\Cap13\Exemplo13.5\Firmware\exemplo_13_5.c
               __string_9   0x0005b5    program     static C:\PIC18_Detalhado\Cap13\Exemplo13.5\Firmware\exemplo_13_5.c
            __zero_memory   0x000728    program     extern C:\MCC18\src\traditional\proc\p18F4520.asm
                _do_cinit   0x00066e    program     extern C:\MCC18\src\traditional\startup\c018i.c
                   _entry   0x000000    program     extern C:\MCC18\src\traditional\startup\c018i.c
                 _startup   0x00070c    program     extern C:\MCC18\src\traditional\startup\c018i.c
               clear_loop   0x00072e    program     static C:\MCC18\src\traditional\proc\p18F4520.asm
                copy_loop   0x0006e0    program     static                          
            copy_one_byte   0x0006e6    program     static                          
                     done   0x00070a    program     static                          
             done_copying   0x0006f4    program     static                          
             imprime_menu   0x000472    program     extern C:\PIC18_Detalhado\Cap13\Exemplo13.5\Firmware\exemplo_13_5.c
                le_teclas   0x0004f2    program     extern C:\PIC18_Detalhado\Cap13\Exemplo13.5\Firmware\exemplo_13_5.c
                     loop   0x00071c    program     static                          
                     main   0x00052a    program     extern C:\PIC18_Detalhado\Cap13\Exemplo13.5\Firmware\exemplo_13_5.c
                     test   0x000688    program     static                          
                   ADCON0   0x000fc2       data     extern C:\MCC18\src\traditional\proc\p18F4520.asm
               ADCON0bits   0x000fc2       data     extern C:\MCC18\src\traditional\proc\p18F4520.asm
                   ADCON1   0x000fc1       data     extern C:\MCC18\src\traditional\proc\p18F4520.asm
               ADCON1bits   0x000fc1       data     extern C:\MCC18\src\traditional\proc\p18F4520.asm
                   ADCON2   0x000fc0       data     extern C:\MCC18\src\traditional\proc\p18F4520.asm
               ADCON2bits   0x000fc0       data     extern C:\MCC18\src\traditional\proc\p18F4520.asm
                    ADRES   0x000fc3       data     extern C:\MCC18\src\traditional\proc\p18F4520.asm
                   ADRESH   0x000fc4       data     extern C:\MCC18\src\traditional\proc\p18F4520.asm
                   ADRESL   0x000fc3       data     extern C:\MCC18\src\traditional\proc\p18F4520.asm
                  BAUDCON   0x000fb8       data     extern C:\MCC18\src\traditional\proc\p18F4520.asm
              BAUDCONbits   0x000fb8       data     extern C:\MCC18\src\traditional\proc\p18F4520.asm
                  BAUDCTL   0x000fb8       data     extern C:\MCC18\src\traditional\proc\p18F4520.asm
              BAUDCTLbits   0x000fb8       data     extern C:\MCC18\src\traditional\proc\p18F4520.asm
                      BSR   0x000fe0       data     extern C:\MCC18\src\traditional\proc\p18F4520.asm
                  CCP1CON   0x000fbd       data     extern C:\MCC18\src\traditional\proc\p18F4520.asm
              CCP1CONbits   0x000fbd       data     extern C:\MCC18\src\traditional\proc\p18F4520.asm
                  CCP2CON   0x000fba       data     extern C:\MCC18\src\traditional\proc\p18F4520.asm
              CCP2CONbits   0x000fba       data     extern C:\MCC18\src\traditional\proc\p18F4520.asm
                    CCPR1   0x000fbe       data     extern C:\MCC18\src\traditional\proc\p18F4520.asm
                   CCPR1H   0x000fbf       data     extern C:\MCC18\src\traditional\proc\p18F4520.asm
                   CCPR1L   0x000fbe       data     extern C:\MCC18\src\traditional\proc\p18F4520.asm
                    CCPR2   0x000fbb       data     extern C:\MCC18\src\traditional\proc\p18F4520.asm
                   CCPR2H   0x000fbc       data     extern C:\MCC18\src\traditional\proc\p18F4520.asm
                   CCPR2L   0x000fbb       data     extern C:\MCC18\src\traditional\proc\p18F4520.asm
                    CMCON   0x000fb4       data     extern C:\MCC18\src\traditional\proc\p18F4520.asm
                CMCONbits   0x000fb4       data     extern C:\MCC18\src\traditional\proc\p18F4520.asm
                   CVRCON   0x000fb5       data     extern C:\MCC18\src\traditional\proc\p18F4520.asm
               CVRCONbits   0x000fb5       data     extern C:\MCC18\src\traditional\proc\p18F4520.asm
                     DDRA   0x000f92       data     extern C:\MCC18\src\traditional\proc\p18F4520.asm
                 DDRAbits   0x000f92       data     extern C:\MCC18\src\traditional\proc\p18F4520.asm
                     DDRB   0x000f93       data     extern C:\MCC18\src\traditional\proc\p18F4520.asm
                 DDRBbits   0x000f93       data     extern C:\MCC18\src\traditional\proc\p18F4520.asm
                     DDRC   0x000f94       data     extern C:\MCC18\src\traditional\proc\p18F4520.asm
                 DDRCbits   0x000f94       data     extern C:\MCC18\src\traditional\proc\p18F4520.asm
                     DDRD   0x000f95       data     extern C:\MCC18\src\traditional\proc\p18F4520.asm
                 DDRDbits   0x000f95       data     extern C:\MCC18\src\traditional\proc\p18F4520.asm
                     DDRE   0x000f96       data     extern C:\MCC18\src\traditional\proc\p18F4520.asm
                 DDREbits   0x000f96       data     extern C:\MCC18\src\traditional\proc\p18F4520.asm
                  ECCP1AS   0x000fb6       data     extern C:\MCC18\src\traditional\proc\p18F4520.asm
              ECCP1ASbits   0x000fb6       data     extern C:\MCC18\src\traditional\proc\p18F4520.asm
                    EEADR   0x000fa9       data     extern C:\MCC18\src\traditional\proc\p18F4520.asm
                   EECON1   0x000fa6       data     extern C:\MCC18\src\traditional\proc\p18F4520.asm
               EECON1bits   0x000fa6       data     extern C:\MCC18\src\traditional\proc\p18F4520.asm
                   EECON2   0x000fa7       data     extern C:\MCC18\src\traditional\proc\p18F4520.asm
                   EEDATA   0x000fa8       data     extern C:\MCC18\src\traditional\proc\p18F4520.asm
                     FSR0   0x000fe9       data     extern C:\MCC18\src\traditional\proc\p18F4520.asm
                    FSR0H   0x000fea       data     extern C:\MCC18\src\traditional\proc\p18F4520.asm
                    FSR0L   0x000fe9       data     extern C:\MCC18\src\traditional\proc\p18F4520.asm
                     FSR1   0x000fe1       data     extern C:\MCC18\src\traditional\proc\p18F4520.asm
                    FSR1H   0x000fe2       data     extern C:\MCC18\src\traditional\proc\p18F4520.asm
                    FSR1L   0x000fe1       data     extern C:\MCC18\src\traditional\proc\p18F4520.asm
                     FSR2   0x000fd9       data     extern C:\MCC18\src\traditional\proc\p18F4520.asm
                    FSR2H   0x000fda       data     extern C:\MCC18\src\traditional\proc\p18F4520.asm
                    FSR2L   0x000fd9       data     extern C:\MCC18\src\traditional\proc\p18F4520.asm
                  HLVDCON   0x000fd2       data     extern C:\MCC18\src\traditional\proc\p18F4520.asm
              HLVDCONbits   0x000fd2       data     extern C:\MCC18\src\traditional\proc\p18F4520.asm
                    INDF0   0x000fef       data     extern C:\MCC18\src\traditional\proc\p18F4520.asm
                    INDF1   0x000fe7       data     extern C:\MCC18\src\traditional\proc\p18F4520.asm
                    INDF2   0x000fdf       data     extern C:\MCC18\src\traditional\proc\p18F4520.asm
                   INTCON   0x000ff2       data     extern C:\MCC18\src\traditional\proc\p18F4520.asm
                  INTCON2   0x000ff1       data     extern C:\MCC18\src\traditional\proc\p18F4520.asm
              INTCON2bits   0x000ff1       data     extern C:\MCC18\src\traditional\proc\p18F4520.asm
                  INTCON3   0x000ff0       data     extern C:\MCC18\src\traditional\proc\p18F4520.asm
              INTCON3bits   0x000ff0       data     extern C:\MCC18\src\traditional\proc\p18F4520.asm
               INTCONbits   0x000ff2       data     extern C:\MCC18\src\traditional\proc\p18F4520.asm
                     IPR1   0x000f9f       data     extern C:\MCC18\src\traditional\proc\p18F4520.asm
                 IPR1bits   0x000f9f       data     extern C:\MCC18\src\traditional\proc\p18F4520.asm
                     IPR2   0x000fa2       data     extern C:\MCC18\src\traditional\proc\p18F4520.asm
                 IPR2bits   0x000fa2       data     extern C:\MCC18\src\traditional\proc\p18F4520.asm
                     LATA   0x000f89       data     extern C:\MCC18\src\traditional\proc\p18F4520.asm
                 LATAbits   0x000f89       data     extern C:\MCC18\src\traditional\proc\p18F4520.asm
                     LATB   0x000f8a       data     extern C:\MCC18\src\traditional\proc\p18F4520.asm
                 LATBbits   0x000f8a       data     extern C:\MCC18\src\traditional\proc\p18F4520.asm
                     LATC   0x000f8b       data     extern C:\MCC18\src\traditional\proc\p18F4520.asm
                 LATCbits   0x000f8b       data     extern C:\MCC18\src\traditional\proc\p18F4520.asm
                     LATD   0x000f8c       data     extern C:\MCC18\src\traditional\proc\p18F4520.asm
                 LATDbits   0x000f8c       data     extern C:\MCC18\src\traditional\proc\p18F4520.asm
                     LATE   0x000f8d       data     extern C:\MCC18\src\traditional\proc\p18F4520.asm
                 LATEbits   0x000f8d       data     extern C:\MCC18\src\traditional\proc\p18F4520.asm
                   LVDCON   0x000fd2       data     extern C:\MCC18\src\traditional\proc\p18F4520.asm
               LVDCONbits   0x000fd2       data     extern C:\MCC18\src\traditional\proc\p18F4520.asm
                   OSCCON   0x000fd3       data     extern C:\MCC18\src\traditional\proc\p18F4520.asm
               OSCCONbits   0x000fd3       data     extern C:\MCC18\src\traditional\proc\p18F4520.asm
                  OSCTUNE   0x000f9b       data     extern C:\MCC18\src\traditional\proc\p18F4520.asm
              OSCTUNEbits   0x000f9b       data     extern C:\MCC18\src\traditional\proc\p18F4520.asm
                       PC   0x000ff9       data     extern C:\MCC18\src\traditional\proc\p18F4520.asm
                      PCL   0x000ff9       data     extern C:\MCC18\src\traditional\proc\p18F4520.asm
                   PCLATH   0x000ffa       data     extern C:\MCC18\src\traditional\proc\p18F4520.asm
                   PCLATU   0x000ffb       data     extern C:\MCC18\src\traditional\proc\p18F4520.asm
                     PIE1   0x000f9d       data     extern C:\MCC18\src\traditional\proc\p18F4520.asm
                 PIE1bits   0x000f9d       data     extern C:\MCC18\src\traditional\proc\p18F4520.asm
                     PIE2   0x000fa0       data     extern C:\MCC18\src\traditional\proc\p18F4520.asm
                 PIE2bits   0x000fa0       data     extern C:\MCC18\src\traditional\proc\p18F4520.asm
                     PIR1   0x000f9e       data     extern C:\MCC18\src\traditional\proc\p18F4520.asm
                 PIR1bits   0x000f9e       data     extern C:\MCC18\src\traditional\proc\p18F4520.asm
                     PIR2   0x000fa1       data     extern C:\MCC18\src\traditional\proc\p18F4520.asm
                 PIR2bits   0x000fa1       data     extern C:\MCC18\src\traditional\proc\p18F4520.asm
                   PLUSW0   0x000feb       data     extern C:\MCC18\src\traditional\proc\p18F4520.asm
                   PLUSW1   0x000fe3       data     extern C:\MCC18\src\traditional\proc\p18F4520.asm
                   PLUSW2   0x000fdb       data     extern C:\MCC18\src\traditional\proc\p18F4520.asm
                    PORTA   0x000f80       data     extern C:\MCC18\src\traditional\proc\p18F4520.asm
                PORTAbits   0x000f80       data     extern C:\MCC18\src\traditional\proc\p18F4520.asm
                    PORTB   0x000f81       data     extern C:\MCC18\src\traditional\proc\p18F4520.asm
                PORTBbits   0x000f81       data     extern C:\MCC18\src\traditional\proc\p18F4520.asm
                    PORTC   0x000f82       data     extern C:\MCC18\src\traditional\proc\p18F4520.asm
                PORTCbits   0x000f82       data     extern C:\MCC18\src\traditional\proc\p18F4520.asm
                    PORTD   0x000f83       data     extern C:\MCC18\src\traditional\proc\p18F4520.asm
                PORTDbits   0x000f83       data     extern C:\MCC18\src\traditional\proc\p18F4520.asm
                    PORTE   0x000f84       data     extern C:\MCC18\src\traditional\proc\p18F4520.asm
                PORTEbits   0x000f84       data     extern C:\MCC18\src\traditional\proc\p18F4520.asm
                 POSTDEC0   0x000fed       data     extern C:\MCC18\src\traditional\proc\p18F4520.asm
                 POSTDEC1   0x000fe5       data     extern C:\MCC18\src\traditional\proc\p18F4520.asm
                 POSTDEC2   0x000fdd       data     extern C:\MCC18\src\traditional\proc\p18F4520.asm
                 POSTINC0   0x000fee       data     extern C:\MCC18\src\traditional\proc\p18F4520.asm
                 POSTINC1   0x000fe6       data     extern C:\MCC18\src\traditional\proc\p18F4520.asm
                 POSTINC2   0x000fde       data     extern C:\MCC18\src\traditional\proc\p18F4520.asm
                      PR2   0x000fcb       data     extern C:\MCC18\src\traditional\proc\p18F4520.asm
                  PREINC0   0x000fec       data     extern C:\MCC18\src\traditional\proc\p18F4520.asm
                  PREINC1   0x000fe4       data     extern C:\MCC18\src\traditional\proc\p18F4520.asm
                  PREINC2   0x000fdc       data     extern C:\MCC18\src\traditional\proc\p18F4520.asm
                     PROD   0x000ff3       data     extern C:\MCC18\src\traditional\proc\p18F4520.asm
                    PRODH   0x000ff4       data     extern C:\MCC18\src\traditional\proc\p18F4520.asm
                    PRODL   0x000ff3       data     extern C:\MCC18\src\traditional\proc\p18F4520.asm
                  PWM1CON   0x000fb7       data     extern C:\MCC18\src\traditional\proc\p18F4520.asm
              PWM1CONbits   0x000fb7       data     extern C:\MCC18\src\traditional\proc\p18F4520.asm
                     RCON   0x000fd0       data     extern C:\MCC18\src\traditional\proc\p18F4520.asm
                 RCONbits   0x000fd0       data     extern C:\MCC18\src\traditional\proc\p18F4520.asm
                    RCREG   0x000fae       data     extern C:\MCC18\src\traditional\proc\p18F4520.asm
                    RCSTA   0x000fab       data     extern C:\MCC18\src\traditional\proc\p18F4520.asm
                RCSTAbits   0x000fab       data     extern C:\MCC18\src\traditional\proc\p18F4520.asm
                     SIGN   0x000000       data     extern C:\MCC18\src\traditional\math\cmath18.asm
                    SPBRG   0x000faf       data     extern C:\MCC18\src\traditional\proc\p18F4520.asm
                   SPBRGH   0x000fb0       data     extern C:\MCC18\src\traditional\proc\p18F4520.asm
                   SSPADD   0x000fc8       data     extern C:\MCC18\src\traditional\proc\p18F4520.asm
                   SSPBUF   0x000fc9       data     extern C:\MCC18\src\traditional\proc\p18F4520.asm
                  SSPCON1   0x000fc6       data     extern C:\MCC18\src\traditional\proc\p18F4520.asm
              SSPCON1bits   0x000fc6       data     extern C:\MCC18\src\traditional\proc\p18F4520.asm
                  SSPCON2   0x000fc5       data     extern C:\MCC18\src\traditional\proc\p18F4520.asm
              SSPCON2bits   0x000fc5       data     extern C:\MCC18\src\traditional\proc\p18F4520.asm
                  SSPSTAT   0x000fc7       data     extern C:\MCC18\src\traditional\proc\p18F4520.asm
              SSPSTATbits   0x000fc7       data     extern C:\MCC18\src\traditional\proc\p18F4520.asm
                   STATUS   0x000fd8       data     extern C:\MCC18\src\traditional\proc\p18F4520.asm
               STATUSbits   0x000fd8       data     extern C:\MCC18\src\traditional\proc\p18F4520.asm
                   STKPTR   0x000ffc       data     extern C:\MCC18\src\traditional\proc\p18F4520.asm
               STKPTRbits   0x000ffc       data     extern C:\MCC18\src\traditional\proc\p18F4520.asm
                    T0CON   0x000fd5       data     extern C:\MCC18\src\traditional\proc\p18F4520.asm
                T0CONbits   0x000fd5       data     extern C:\MCC18\src\traditional\proc\p18F4520.asm
                    T1CON   0x000fcd       data     extern C:\MCC18\src\traditional\proc\p18F4520.asm
                T1CONbits   0x000fcd       data     extern C:\MCC18\src\traditional\proc\p18F4520.asm
                    T2CON   0x000fca       data     extern C:\MCC18\src\traditional\proc\p18F4520.asm
                T2CONbits   0x000fca       data     extern C:\MCC18\src\traditional\proc\p18F4520.asm
                    T3CON   0x000fb1       data     extern C:\MCC18\src\traditional\proc\p18F4520.asm
                T3CONbits   0x000fb1       data     extern C:\MCC18\src\traditional\proc\p18F4520.asm
                   TABLAT   0x000ff5       data     extern C:\MCC18\src\traditional\proc\p18F4520.asm
                   TBLPTR   0x000ff6       data     extern C:\MCC18\src\traditional\proc\p18F4520.asm
                  TBLPTRH   0x000ff7       data     extern C:\MCC18\src\traditional\proc\p18F4520.asm
                  TBLPTRL   0x000ff6       data     extern C:\MCC18\src\traditional\proc\p18F4520.asm
                  TBLPTRU   0x000ff8       data     extern C:\MCC18\src\traditional\proc\p18F4520.asm
                    TMR0H   0x000fd7       data     extern C:\MCC18\src\traditional\proc\p18F4520.asm
                    TMR0L   0x000fd6       data     extern C:\MCC18\src\traditional\proc\p18F4520.asm
                    TMR1H   0x000fcf       data     extern C:\MCC18\src\traditional\proc\p18F4520.asm
                    TMR1L   0x000fce       data     extern C:\MCC18\src\traditional\proc\p18F4520.asm
                     TMR2   0x000fcc       data     extern C:\MCC18\src\traditional\proc\p18F4520.asm
                    TMR3H   0x000fb3       data     extern C:\MCC18\src\traditional\proc\p18F4520.asm
                    TMR3L   0x000fb2       data     extern C:\MCC18\src\traditional\proc\p18F4520.asm
                      TOS   0x000ffd       data     extern C:\MCC18\src\traditional\proc\p18F4520.asm
                     TOSH   0x000ffe       data     extern C:\MCC18\src\traditional\proc\p18F4520.asm
                     TOSL   0x000ffd       data     extern C:\MCC18\src\traditional\proc\p18F4520.asm
                     TOSU   0x000fff       data     extern C:\MCC18\src\traditional\proc\p18F4520.asm
                    TRISA   0x000f92       data     extern C:\MCC18\src\traditional\proc\p18F4520.asm
                TRISAbits   0x000f92       data     extern C:\MCC18\src\traditional\proc\p18F4520.asm
                    TRISB   0x000f93       data     extern C:\MCC18\src\traditional\proc\p18F4520.asm
                TRISBbits   0x000f93       data     extern C:\MCC18\src\traditional\proc\p18F4520.asm
                    TRISC   0x000f94       data     extern C:\MCC18\src\traditional\proc\p18F4520.asm
                TRISCbits   0x000f94       data     extern C:\MCC18\src\traditional\proc\p18F4520.asm
                    TRISD   0x000f95       data     extern C:\MCC18\src\traditional\proc\p18F4520.asm
                TRISDbits   0x000f95       data     extern C:\MCC18\src\traditional\proc\p18F4520.asm
                    TRISE   0x000f96       data     extern C:\MCC18\src\traditional\proc\p18F4520.asm
                TRISEbits   0x000f96       data     extern C:\MCC18\src\traditional\proc\p18F4520.asm
                    TXREG   0x000fad       data     extern C:\MCC18\src\traditional\proc\p18F4520.asm
                    TXSTA   0x000fac       data     extern C:\MCC18\src\traditional\proc\p18F4520.asm
                TXSTAbits   0x000fac       data     extern C:\MCC18\src\traditional\proc\p18F4520.asm
                        W   0x000fe8       data     extern C:\MCC18\src\traditional\proc\p18F4520.asm
                   WDTCON   0x000fd1       data     extern C:\MCC18\src\traditional\proc\p18F4520.asm
               WDTCONbits   0x000fd1       data     extern C:\MCC18\src\traditional\proc\p18F4520.asm
                     WREG   0x000fe8       data     extern C:\MCC18\src\traditional\proc\p18F4520.asm
                __FPFLAGS   0x000001       data     extern C:\MCC18\src\traditional\math\cmath18.asm
            __FPFLAGSbits   0x000001       data     extern C:\MCC18\src\traditional\math\cmath18.asm
                curr_byte   0x0000d0       data     static C:\MCC18\src\traditional\startup\c018i.c
               curr_entry   0x0000d2       data     static C:\MCC18\src\traditional\startup\c018i.c
                 data_ptr   0x0000d4       data     static C:\MCC18\src\traditional\startup\c018i.c
                    flags   0x0000c5       data     extern C:\PIC18_Detalhado\Cap13\Exemplo13.5\Firmware\exemplo_13_5.c
                 lcd_mode   0x000080       data     static C:\PIC18_Detalhado\Cap13\Exemplo13.5\Firmware\meu_lcd16x2.c
                     prom   0x0000cd       data     static C:\MCC18\src\traditional\startup\c018i.c
      rx_buf_read_pointer   0x0000c3       data     extern C:\PIC18_Detalhado\Cap13\Exemplo13.5\Firmware\exemplo_13_5.c
     rx_buf_write_pointer   0x0000c4       data     extern C:\PIC18_Detalhado\Cap13\Exemplo13.5\Firmware\exemplo_13_5.c
                 rxbuffer   0x0000a1       data     extern C:\PIC18_Detalhado\Cap13\Exemplo13.5\Firmware\exemplo_13_5.c
                      str   0x0000c6       data     extern C:\PIC18_Detalhado\Cap13\Exemplo13.5\Firmware\exemplo_13_5.c
      tx_buf_read_pointer   0x0000c1       data     extern C:\PIC18_Detalhado\Cap13\Exemplo13.5\Firmware\exemplo_13_5.c
     tx_buf_write_pointer   0x0000c2       data     extern C:\PIC18_Detalhado\Cap13\Exemplo13.5\Firmware\exemplo_13_5.c
                 txbuffer   0x000081       data     extern C:\PIC18_Detalhado\Cap13\Exemplo13.5\Firmware\exemplo_13_5.c
             ultima_tecla   0x0000cc       data     static C:\PIC18_Detalhado\Cap13\Exemplo13.5\Firmware\exemplo_13_5.c



                              Symbols - Sorted by Address
                     Name    Address   Location    Storage File                     
                ---------  ---------  ---------  --------- ---------                
                   _entry   0x000000    program     extern C:\MCC18\src\traditional\startup\c018i.c
       ___return_lbl00000   0x000004    program     static                          
     ISR_baixa_prioridade   0x000008    program     extern C:\PIC18_Detalhado\Cap13\Exemplo13.5\Firmware\exemplo_13_5.c
           ___if_lbl00048   0x00000c    program     static                          
       ___return_lbl00047   0x000010    program     static                          
           ___if_lbl00049   0x000010    program     static                          
             LCD_delay_ms   0x000012    program     extern C:\PIC18_Detalhado\Cap13\Exemplo13.5\Firmware\meu_lcd16x2.c
            LCD_send_byte   0x00003e    program     extern C:\PIC18_Detalhado\Cap13\Exemplo13.5\Firmware\meu_lcd16x2.c
                 LCD_init   0x000080    program     extern C:\PIC18_Detalhado\Cap13\Exemplo13.5\Firmware\meu_lcd16x2.c
               LCD_pos_xy   0x000116    program     extern C:\PIC18_Detalhado\Cap13\Exemplo13.5\Firmware\meu_lcd16x2.c
           LCD_write_char   0x00014c    program     extern C:\PIC18_Detalhado\Cap13\Exemplo13.5\Firmware\meu_lcd16x2.c
     LCD_write_string_rom   0x000198    program     extern C:\PIC18_Detalhado\Cap13\Exemplo13.5\Firmware\meu_lcd16x2.c
         LCD_write_string   0x0001d8    program     extern C:\PIC18_Detalhado\Cap13\Exemplo13.5\Firmware\meu_lcd16x2.c
           LCD_display_on   0x000214    program     extern C:\PIC18_Detalhado\Cap13\Exemplo13.5\Firmware\meu_lcd16x2.c
          LCD_display_off   0x000226    program     extern C:\PIC18_Detalhado\Cap13\Exemplo13.5\Firmware\meu_lcd16x2.c
            LCD_cursor_on   0x000238    program     extern C:\PIC18_Detalhado\Cap13\Exemplo13.5\Firmware\meu_lcd16x2.c
           LCD_cursor_off   0x00024a    program     extern C:\PIC18_Detalhado\Cap13\Exemplo13.5\Firmware\meu_lcd16x2.c
      LCD_cursor_blink_on   0x00025c    program     extern C:\PIC18_Detalhado\Cap13\Exemplo13.5\Firmware\meu_lcd16x2.c
     LCD_cursor_blink_off   0x00026e    program     extern C:\PIC18_Detalhado\Cap13\Exemplo13.5\Firmware\meu_lcd16x2.c
                   RX_ISR   0x000280    program     extern C:\PIC18_Detalhado\Cap13\Exemplo13.5\Firmware\exemplo_13_5.c
                   TX_ISR   0x0002e2    program     extern C:\PIC18_Detalhado\Cap13\Exemplo13.5\Firmware\exemplo_13_5.c
EUSART_escreve_char_buffer   0x00032c    program     extern C:\PIC18_Detalhado\Cap13\Exemplo13.5\Firmware\exemplo_13_5.c
EUSART_escreve_string_buffer   0x00036a    program     extern C:\PIC18_Detalhado\Cap13\Exemplo13.5\Firmware\exemplo_13_5.c
EUSART_escreve_string_buffer_rom   0x0003a6    program     extern C:\PIC18_Detalhado\Cap13\Exemplo13.5\Firmware\exemplo_13_5.c
EUSART_le_caractere_buffer   0x0003e6    program     extern C:\PIC18_Detalhado\Cap13\Exemplo13.5\Firmware\exemplo_13_5.c
                 MCU_init   0x000424    program     extern C:\PIC18_Detalhado\Cap13\Exemplo13.5\Firmware\exemplo_13_5.c
             imprime_menu   0x000472    program     extern C:\PIC18_Detalhado\Cap13\Exemplo13.5\Firmware\exemplo_13_5.c
                le_teclas   0x0004f2    program     extern C:\PIC18_Detalhado\Cap13\Exemplo13.5\Firmware\exemplo_13_5.c
                     main   0x00052a    program     extern C:\PIC18_Detalhado\Cap13\Exemplo13.5\Firmware\exemplo_13_5.c
              __string_10   0x0005aa    program     static C:\PIC18_Detalhado\Cap13\Exemplo13.5\Firmware\exemplo_13_5.c
               __string_9   0x0005b5    program     static C:\PIC18_Detalhado\Cap13\Exemplo13.5\Firmware\exemplo_13_5.c
               __string_8   0x0005c0    program     static C:\PIC18_Detalhado\Cap13\Exemplo13.5\Firmware\exemplo_13_5.c
               __string_7   0x0005d3    program     static C:\PIC18_Detalhado\Cap13\Exemplo13.5\Firmware\exemplo_13_5.c
               __string_6   0x0005e3    program     static C:\PIC18_Detalhado\Cap13\Exemplo13.5\Firmware\exemplo_13_5.c
               __string_5   0x0005f8    program     static C:\PIC18_Detalhado\Cap13\Exemplo13.5\Firmware\exemplo_13_5.c
               __string_4   0x00060a    program     static C:\PIC18_Detalhado\Cap13\Exemplo13.5\Firmware\exemplo_13_5.c
               __string_3   0x00061f    program     static C:\PIC18_Detalhado\Cap13\Exemplo13.5\Firmware\exemplo_13_5.c
               __string_2   0x000631    program     static C:\PIC18_Detalhado\Cap13\Exemplo13.5\Firmware\exemplo_13_5.c
               __string_1   0x00063e    program     static C:\PIC18_Detalhado\Cap13\Exemplo13.5\Firmware\exemplo_13_5.c
               __string_0   0x00065b    program     static C:\PIC18_Detalhado\Cap13\Exemplo13.5\Firmware\exemplo_13_5.c
                _do_cinit   0x00066e    program     extern C:\MCC18\src\traditional\startup\c018i.c
                     test   0x000688    program     static                          
                copy_loop   0x0006e0    program     static                          
            copy_one_byte   0x0006e6    program     static                          
             done_copying   0x0006f4    program     static                          
                     done   0x00070a    program     static                          
       ___return_lbl00002   0x00070a    program     static                          
                 _startup   0x00070c    program     extern C:\MCC18\src\traditional\startup\c018i.c
                     loop   0x00071c    program     static                          
       ___return_lbl00001   0x000726    program     static                          
            __zero_memory   0x000728    program     extern C:\MCC18\src\traditional\proc\p18F4520.asm
               clear_loop   0x00072e    program     static C:\MCC18\src\traditional\proc\p18F4520.asm
                   __init   0x000736    program     extern C:\MCC18\src\traditional\stdclib\__init.c
               __config_0   0x300001    program     static C:\PIC18_Detalhado\Cap13\Exemplo13.5\Firmware\exemplo_13_5.c
               __config_1   0x300002    program     static C:\PIC18_Detalhado\Cap13\Exemplo13.5\Firmware\exemplo_13_5.c
               __config_2   0x300003    program     static C:\PIC18_Detalhado\Cap13\Exemplo13.5\Firmware\exemplo_13_5.c
               __config_3   0x300005    program     static C:\PIC18_Detalhado\Cap13\Exemplo13.5\Firmware\exemplo_13_5.c
               __config_4   0x300006    program     static C:\PIC18_Detalhado\Cap13\Exemplo13.5\Firmware\exemplo_13_5.c
                     SIGN   0x000000       data     extern C:\MCC18\src\traditional\math\cmath18.asm
                __FPFLAGS   0x000001       data     extern C:\MCC18\src\traditional\math\cmath18.asm
            __FPFLAGSbits   0x000001       data     extern C:\MCC18\src\traditional\math\cmath18.asm
                 lcd_mode   0x000080       data     static C:\PIC18_Detalhado\Cap13\Exemplo13.5\Firmware\meu_lcd16x2.c
                 txbuffer   0x000081       data     extern C:\PIC18_Detalhado\Cap13\Exemplo13.5\Firmware\exemplo_13_5.c
                 rxbuffer   0x0000a1       data     extern C:\PIC18_Detalhado\Cap13\Exemplo13.5\Firmware\exemplo_13_5.c
      tx_buf_read_pointer   0x0000c1       data     extern C:\PIC18_Detalhado\Cap13\Exemplo13.5\Firmware\exemplo_13_5.c
     tx_buf_write_pointer   0x0000c2       data     extern C:\PIC18_Detalhado\Cap13\Exemplo13.5\Firmware\exemplo_13_5.c
      rx_buf_read_pointer   0x0000c3       data     extern C:\PIC18_Detalhado\Cap13\Exemplo13.5\Firmware\exemplo_13_5.c
     rx_buf_write_pointer   0x0000c4       data     extern C:\PIC18_Detalhado\Cap13\Exemplo13.5\Firmware\exemplo_13_5.c
                    flags   0x0000c5       data     extern C:\PIC18_Detalhado\Cap13\Exemplo13.5\Firmware\exemplo_13_5.c
                      str   0x0000c6       data     extern C:\PIC18_Detalhado\Cap13\Exemplo13.5\Firmware\exemplo_13_5.c
             ultima_tecla   0x0000cc       data     static C:\PIC18_Detalhado\Cap13\Exemplo13.5\Firmware\exemplo_13_5.c
                     prom   0x0000cd       data     static C:\MCC18\src\traditional\startup\c018i.c
                curr_byte   0x0000d0       data     static C:\MCC18\src\traditional\startup\c018i.c
               curr_entry   0x0000d2       data     static C:\MCC18\src\traditional\startup\c018i.c
                 data_ptr   0x0000d4       data     static C:\MCC18\src\traditional\startup\c018i.c
                PORTAbits   0x000f80       data     extern C:\MCC18\src\traditional\proc\p18F4520.asm
                    PORTA   0x000f80       data     extern C:\MCC18\src\traditional\proc\p18F4520.asm
                    PORTB   0x000f81       data     extern C:\MCC18\src\traditional\proc\p18F4520.asm
                PORTBbits   0x000f81       data     extern C:\MCC18\src\traditional\proc\p18F4520.asm
                    PORTC   0x000f82       data     extern C:\MCC18\src\traditional\proc\p18F4520.asm
                PORTCbits   0x000f82       data     extern C:\MCC18\src\traditional\proc\p18F4520.asm
                    PORTD   0x000f83       data     extern C:\MCC18\src\traditional\proc\p18F4520.asm
                PORTDbits   0x000f83       data     extern C:\MCC18\src\traditional\proc\p18F4520.asm
                PORTEbits   0x000f84       data     extern C:\MCC18\src\traditional\proc\p18F4520.asm
                    PORTE   0x000f84       data     extern C:\MCC18\src\traditional\proc\p18F4520.asm
                 LATAbits   0x000f89       data     extern C:\MCC18\src\traditional\proc\p18F4520.asm
                     LATA   0x000f89       data     extern C:\MCC18\src\traditional\proc\p18F4520.asm
                 LATBbits   0x000f8a       data     extern C:\MCC18\src\traditional\proc\p18F4520.asm
                     LATB   0x000f8a       data     extern C:\MCC18\src\traditional\proc\p18F4520.asm
                 LATCbits   0x000f8b       data     extern C:\MCC18\src\traditional\proc\p18F4520.asm
                     LATC   0x000f8b       data     extern C:\MCC18\src\traditional\proc\p18F4520.asm
                 LATDbits   0x000f8c       data     extern C:\MCC18\src\traditional\proc\p18F4520.asm
                     LATD   0x000f8c       data     extern C:\MCC18\src\traditional\proc\p18F4520.asm
                 LATEbits   0x000f8d       data     extern C:\MCC18\src\traditional\proc\p18F4520.asm
                     LATE   0x000f8d       data     extern C:\MCC18\src\traditional\proc\p18F4520.asm
                TRISAbits   0x000f92       data     extern C:\MCC18\src\traditional\proc\p18F4520.asm
                    TRISA   0x000f92       data     extern C:\MCC18\src\traditional\proc\p18F4520.asm
                 DDRAbits   0x000f92       data     extern C:\MCC18\src\traditional\proc\p18F4520.asm
                     DDRA   0x000f92       data     extern C:\MCC18\src\traditional\proc\p18F4520.asm
                    TRISB   0x000f93       data     extern C:\MCC18\src\traditional\proc\p18F4520.asm
                     DDRB   0x000f93       data     extern C:\MCC18\src\traditional\proc\p18F4520.asm
                 DDRBbits   0x000f93       data     extern C:\MCC18\src\traditional\proc\p18F4520.asm
                TRISBbits   0x000f93       data     extern C:\MCC18\src\traditional\proc\p18F4520.asm
                     DDRC   0x000f94       data     extern C:\MCC18\src\traditional\proc\p18F4520.asm
                 DDRCbits   0x000f94       data     extern C:\MCC18\src\traditional\proc\p18F4520.asm
                    TRISC   0x000f94       data     extern C:\MCC18\src\traditional\proc\p18F4520.asm
                TRISCbits   0x000f94       data     extern C:\MCC18\src\traditional\proc\p18F4520.asm
                     DDRD   0x000f95       data     extern C:\MCC18\src\traditional\proc\p18F4520.asm
                 DDRDbits   0x000f95       data     extern C:\MCC18\src\traditional\proc\p18F4520.asm
                TRISDbits   0x000f95       data     extern C:\MCC18\src\traditional\proc\p18F4520.asm
                    TRISD   0x000f95       data     extern C:\MCC18\src\traditional\proc\p18F4520.asm
                TRISEbits   0x000f96       data     extern C:\MCC18\src\traditional\proc\p18F4520.asm
                    TRISE   0x000f96       data     extern C:\MCC18\src\traditional\proc\p18F4520.asm
                     DDRE   0x000f96       data     extern C:\MCC18\src\traditional\proc\p18F4520.asm
                 DDREbits   0x000f96       data     extern C:\MCC18\src\traditional\proc\p18F4520.asm
                  OSCTUNE   0x000f9b       data     extern C:\MCC18\src\traditional\proc\p18F4520.asm
              OSCTUNEbits   0x000f9b       data     extern C:\MCC18\src\traditional\proc\p18F4520.asm
                 PIE1bits   0x000f9d       data     extern C:\MCC18\src\traditional\proc\p18F4520.asm
                     PIE1   0x000f9d       data     extern C:\MCC18\src\traditional\proc\p18F4520.asm
                 PIR1bits   0x000f9e       data     extern C:\MCC18\src\traditional\proc\p18F4520.asm
                     PIR1   0x000f9e       data     extern C:\MCC18\src\traditional\proc\p18F4520.asm
                 IPR1bits   0x000f9f       data     extern C:\MCC18\src\traditional\proc\p18F4520.asm
                     IPR1   0x000f9f       data     extern C:\MCC18\src\traditional\proc\p18F4520.asm
                     PIE2   0x000fa0       data     extern C:\MCC18\src\traditional\proc\p18F4520.asm
                 PIE2bits   0x000fa0       data     extern C:\MCC18\src\traditional\proc\p18F4520.asm
                 PIR2bits   0x000fa1       data     extern C:\MCC18\src\traditional\proc\p18F4520.asm
                     PIR2   0x000fa1       data     extern C:\MCC18\src\traditional\proc\p18F4520.asm
                     IPR2   0x000fa2       data     extern C:\MCC18\src\traditional\proc\p18F4520.asm
                 IPR2bits   0x000fa2       data     extern C:\MCC18\src\traditional\proc\p18F4520.asm
                   EECON1   0x000fa6       data     extern C:\MCC18\src\traditional\proc\p18F4520.asm
               EECON1bits   0x000fa6       data     extern C:\MCC18\src\traditional\proc\p18F4520.asm
                   EECON2   0x000fa7       data     extern C:\MCC18\src\traditional\proc\p18F4520.asm
                   EEDATA   0x000fa8       data     extern C:\MCC18\src\traditional\proc\p18F4520.asm
                    EEADR   0x000fa9       data     extern C:\MCC18\src\traditional\proc\p18F4520.asm
                RCSTAbits   0x000fab       data     extern C:\MCC18\src\traditional\proc\p18F4520.asm
                    RCSTA   0x000fab       data     extern C:\MCC18\src\traditional\proc\p18F4520.asm
                    TXSTA   0x000fac       data     extern C:\MCC18\src\traditional\proc\p18F4520.asm
                TXSTAbits   0x000fac       data     extern C:\MCC18\src\traditional\proc\p18F4520.asm
                    TXREG   0x000fad       data     extern C:\MCC18\src\traditional\proc\p18F4520.asm
                    RCREG   0x000fae       data     extern C:\MCC18\src\traditional\proc\p18F4520.asm
                    SPBRG   0x000faf       data     extern C:\MCC18\src\traditional\proc\p18F4520.asm
                   SPBRGH   0x000fb0       data     extern C:\MCC18\src\traditional\proc\p18F4520.asm
                    T3CON   0x000fb1       data     extern C:\MCC18\src\traditional\proc\p18F4520.asm
                T3CONbits   0x000fb1       data     extern C:\MCC18\src\traditional\proc\p18F4520.asm
                    TMR3L   0x000fb2       data     extern C:\MCC18\src\traditional\proc\p18F4520.asm
                    TMR3H   0x000fb3       data     extern C:\MCC18\src\traditional\proc\p18F4520.asm
                CMCONbits   0x000fb4       data     extern C:\MCC18\src\traditional\proc\p18F4520.asm
                    CMCON   0x000fb4       data     extern C:\MCC18\src\traditional\proc\p18F4520.asm
               CVRCONbits   0x000fb5       data     extern C:\MCC18\src\traditional\proc\p18F4520.asm
                   CVRCON   0x000fb5       data     extern C:\MCC18\src\traditional\proc\p18F4520.asm
                  ECCP1AS   0x000fb6       data     extern C:\MCC18\src\traditional\proc\p18F4520.asm
              ECCP1ASbits   0x000fb6       data     extern C:\MCC18\src\traditional\proc\p18F4520.asm
              PWM1CONbits   0x000fb7       data     extern C:\MCC18\src\traditional\proc\p18F4520.asm
                  PWM1CON   0x000fb7       data     extern C:\MCC18\src\traditional\proc\p18F4520.asm
              BAUDCTLbits   0x000fb8       data     extern C:\MCC18\src\traditional\proc\p18F4520.asm
                  BAUDCTL   0x000fb8       data     extern C:\MCC18\src\traditional\proc\p18F4520.asm
              BAUDCONbits   0x000fb8       data     extern C:\MCC18\src\traditional\proc\p18F4520.asm
                  BAUDCON   0x000fb8       data     extern C:\MCC18\src\traditional\proc\p18F4520.asm
              CCP2CONbits   0x000fba       data     extern C:\MCC18\src\traditional\proc\p18F4520.asm
                  CCP2CON   0x000fba       data     extern C:\MCC18\src\traditional\proc\p18F4520.asm
                    CCPR2   0x000fbb       data     extern C:\MCC18\src\traditional\proc\p18F4520.asm
                   CCPR2L   0x000fbb       data     extern C:\MCC18\src\traditional\proc\p18F4520.asm
                   CCPR2H   0x000fbc       data     extern C:\MCC18\src\traditional\proc\p18F4520.asm
              CCP1CONbits   0x000fbd       data     extern C:\MCC18\src\traditional\proc\p18F4520.asm
                  CCP1CON   0x000fbd       data     extern C:\MCC18\src\traditional\proc\p18F4520.asm
                    CCPR1   0x000fbe       data     extern C:\MCC18\src\traditional\proc\p18F4520.asm
                   CCPR1L   0x000fbe       data     extern C:\MCC18\src\traditional\proc\p18F4520.asm
                   CCPR1H   0x000fbf       data     extern C:\MCC18\src\traditional\proc\p18F4520.asm
                   ADCON2   0x000fc0       data     extern C:\MCC18\src\traditional\proc\p18F4520.asm
               ADCON2bits   0x000fc0       data     extern C:\MCC18\src\traditional\proc\p18F4520.asm
                   ADCON1   0x000fc1       data     extern C:\MCC18\src\traditional\proc\p18F4520.asm
               ADCON1bits   0x000fc1       data     extern C:\MCC18\src\traditional\proc\p18F4520.asm
                   ADCON0   0x000fc2       data     extern C:\MCC18\src\traditional\proc\p18F4520.asm
               ADCON0bits   0x000fc2       data     extern C:\MCC18\src\traditional\proc\p18F4520.asm
                    ADRES   0x000fc3       data     extern C:\MCC18\src\traditional\proc\p18F4520.asm
                   ADRESL   0x000fc3       data     extern C:\MCC18\src\traditional\proc\p18F4520.asm
                   ADRESH   0x000fc4       data     extern C:\MCC18\src\traditional\proc\p18F4520.asm
                  SSPCON2   0x000fc5       data     extern C:\MCC18\src\traditional\proc\p18F4520.asm
              SSPCON2bits   0x000fc5       data     extern C:\MCC18\src\traditional\proc\p18F4520.asm
                  SSPCON1   0x000fc6       data     extern C:\MCC18\src\traditional\proc\p18F4520.asm
              SSPCON1bits   0x000fc6       data     extern C:\MCC18\src\traditional\proc\p18F4520.asm
              SSPSTATbits   0x000fc7       data     extern C:\MCC18\src\traditional\proc\p18F4520.asm
                  SSPSTAT   0x000fc7       data     extern C:\MCC18\src\traditional\proc\p18F4520.asm
                   SSPADD   0x000fc8       data     extern C:\MCC18\src\traditional\proc\p18F4520.asm
                   SSPBUF   0x000fc9       data     extern C:\MCC18\src\traditional\proc\p18F4520.asm
                T2CONbits   0x000fca       data     extern C:\MCC18\src\traditional\proc\p18F4520.asm
                    T2CON   0x000fca       data     extern C:\MCC18\src\traditional\proc\p18F4520.asm
                      PR2   0x000fcb       data     extern C:\MCC18\src\traditional\proc\p18F4520.asm
                     TMR2   0x000fcc       data     extern C:\MCC18\src\traditional\proc\p18F4520.asm
                T1CONbits   0x000fcd       data     extern C:\MCC18\src\traditional\proc\p18F4520.asm
                    T1CON   0x000fcd       data     extern C:\MCC18\src\traditional\proc\p18F4520.asm
                    TMR1L   0x000fce       data     extern C:\MCC18\src\traditional\proc\p18F4520.asm
                    TMR1H   0x000fcf       data     extern C:\MCC18\src\traditional\proc\p18F4520.asm
                 RCONbits   0x000fd0       data     extern C:\MCC18\src\traditional\proc\p18F4520.asm
                     RCON   0x000fd0       data     extern C:\MCC18\src\traditional\proc\p18F4520.asm
                   WDTCON   0x000fd1       data     extern C:\MCC18\src\traditional\proc\p18F4520.asm
               WDTCONbits   0x000fd1       data     extern C:\MCC18\src\traditional\proc\p18F4520.asm
               LVDCONbits   0x000fd2       data     extern C:\MCC18\src\traditional\proc\p18F4520.asm
                   LVDCON   0x000fd2       data     extern C:\MCC18\src\traditional\proc\p18F4520.asm
              HLVDCONbits   0x000fd2       data     extern C:\MCC18\src\traditional\proc\p18F4520.asm
                  HLVDCON   0x000fd2       data     extern C:\MCC18\src\traditional\proc\p18F4520.asm
               OSCCONbits   0x000fd3       data     extern C:\MCC18\src\traditional\proc\p18F4520.asm
                   OSCCON   0x000fd3       data     extern C:\MCC18\src\traditional\proc\p18F4520.asm
                    T0CON   0x000fd5       data     extern C:\MCC18\src\traditional\proc\p18F4520.asm
                T0CONbits   0x000fd5       data     extern C:\MCC18\src\traditional\proc\p18F4520.asm
                    TMR0L   0x000fd6       data     extern C:\MCC18\src\traditional\proc\p18F4520.asm
                    TMR0H   0x000fd7       data     extern C:\MCC18\src\traditional\proc\p18F4520.asm
               STATUSbits   0x000fd8       data     extern C:\MCC18\src\traditional\proc\p18F4520.asm
                   STATUS   0x000fd8       data     extern C:\MCC18\src\traditional\proc\p18F4520.asm
                    FSR2L   0x000fd9       data     extern C:\MCC18\src\traditional\proc\p18F4520.asm
                     FSR2   0x000fd9       data     extern C:\MCC18\src\traditional\proc\p18F4520.asm
                    FSR2H   0x000fda       data     extern C:\MCC18\src\traditional\proc\p18F4520.asm
                   PLUSW2   0x000fdb       data     extern C:\MCC18\src\traditional\proc\p18F4520.asm
                  PREINC2   0x000fdc       data     extern C:\MCC18\src\traditional\proc\p18F4520.asm
                 POSTDEC2   0x000fdd       data     extern C:\MCC18\src\traditional\proc\p18F4520.asm
                 POSTINC2   0x000fde       data     extern C:\MCC18\src\traditional\proc\p18F4520.asm
                    INDF2   0x000fdf       data     extern C:\MCC18\src\traditional\proc\p18F4520.asm
                      BSR   0x000fe0       data     extern C:\MCC18\src\traditional\proc\p18F4520.asm
                    FSR1L   0x000fe1       data     extern C:\MCC18\src\traditional\proc\p18F4520.asm
                     FSR1   0x000fe1       data     extern C:\MCC18\src\traditional\proc\p18F4520.asm
                    FSR1H   0x000fe2       data     extern C:\MCC18\src\traditional\proc\p18F4520.asm
                   PLUSW1   0x000fe3       data     extern C:\MCC18\src\traditional\proc\p18F4520.asm
                  PREINC1   0x000fe4       data     extern C:\MCC18\src\traditional\proc\p18F4520.asm
                 POSTDEC1   0x000fe5       data     extern C:\MCC18\src\traditional\proc\p18F4520.asm
                 POSTINC1   0x000fe6       data     extern C:\MCC18\src\traditional\proc\p18F4520.asm
                    INDF1   0x000fe7       data     extern C:\MCC18\src\traditional\proc\p18F4520.asm
                        W   0x000fe8       data     extern C:\MCC18\src\traditional\proc\p18F4520.asm
                     WREG   0x000fe8       data     extern C:\MCC18\src\traditional\proc\p18F4520.asm
                     FSR0   0x000fe9       data     extern C:\MCC18\src\traditional\proc\p18F4520.asm
                    FSR0L   0x000fe9       data     extern C:\MCC18\src\traditional\proc\p18F4520.asm
                    FSR0H   0x000fea       data     extern C:\MCC18\src\traditional\proc\p18F4520.asm
                   PLUSW0   0x000feb       data     extern C:\MCC18\src\traditional\proc\p18F4520.asm
                  PREINC0   0x000fec       data     extern C:\MCC18\src\traditional\proc\p18F4520.asm
                 POSTDEC0   0x000fed       data     extern C:\MCC18\src\traditional\proc\p18F4520.asm
                 POSTINC0   0x000fee       data     extern C:\MCC18\src\traditional\proc\p18F4520.asm
                    INDF0   0x000fef       data     extern C:\MCC18\src\traditional\proc\p18F4520.asm
                  INTCON3   0x000ff0       data     extern C:\MCC18\src\traditional\proc\p18F4520.asm
              INTCON3bits   0x000ff0       data     extern C:\MCC18\src\traditional\proc\p18F4520.asm
                  INTCON2   0x000ff1       data     extern C:\MCC18\src\traditional\proc\p18F4520.asm
              INTCON2bits   0x000ff1       data     extern C:\MCC18\src\traditional\proc\p18F4520.asm
                   INTCON   0x000ff2       data     extern C:\MCC18\src\traditional\proc\p18F4520.asm
               INTCONbits   0x000ff2       data     extern C:\MCC18\src\traditional\proc\p18F4520.asm
                    PRODL   0x000ff3       data     extern C:\MCC18\src\traditional\proc\p18F4520.asm
                     PROD   0x000ff3       data     extern C:\MCC18\src\traditional\proc\p18F4520.asm
                    PRODH   0x000ff4       data     extern C:\MCC18\src\traditional\proc\p18F4520.asm
                   TABLAT   0x000ff5       data     extern C:\MCC18\src\traditional\proc\p18F4520.asm
                   TBLPTR   0x000ff6       data     extern C:\MCC18\src\traditional\proc\p18F4520.asm
                  TBLPTRL   0x000ff6       data     extern C:\MCC18\src\traditional\proc\p18F4520.asm
                  TBLPTRH   0x000ff7       data     extern C:\MCC18\src\traditional\proc\p18F4520.asm
                  TBLPTRU   0x000ff8       data     extern C:\MCC18\src\traditional\proc\p18F4520.asm
                      PCL   0x000ff9       data     extern C:\MCC18\src\traditional\proc\p18F4520.asm
                       PC   0x000ff9       data     extern C:\MCC18\src\traditional\proc\p18F4520.asm
                   PCLATH   0x000ffa       data     extern C:\MCC18\src\traditional\proc\p18F4520.asm
                   PCLATU   0x000ffb       data     extern C:\MCC18\src\traditional\proc\p18F4520.asm
                   STKPTR   0x000ffc       data     extern C:\MCC18\src\traditional\proc\p18F4520.asm
               STKPTRbits   0x000ffc       data     extern C:\MCC18\src\traditional\proc\p18F4520.asm
                      TOS   0x000ffd       data     extern C:\MCC18\src\traditional\proc\p18F4520.asm
                     TOSL   0x000ffd       data     extern C:\MCC18\src\traditional\proc\p18F4520.asm
                     TOSH   0x000ffe       data     extern C:\MCC18\src\traditional\proc\p18F4520.asm
                     TOSU   0x000fff       data     extern C:\MCC18\src\traditional\proc\p18F4520.asm


